java.lang.Exception: Beep boop beep boop
	at Main$.delayedEndpoint$Main$1(compiles-and-fails.sc:2)
	at Main$delayedInit$body.apply(compiles-and-fails.sc:1)
	at scala.Function0.apply$mcV$sp(Function0.scala:39)
	at scala.Function0.apply$mcV$sp$(Function0.scala:39)
	at scala.runtime.AbstractFunction0.apply$mcV$sp(AbstractFunction0.scala:17)
	at scala.App.$anonfun$main$1$adapted(App.scala:80)
	at scala.collection.immutable.List.foreach(List.scala:392)
	at scala.App.main(App.scala:80)
	at scala.App.main$(App.scala:78)
	at Main$.main(compiles-and-fails.sc:1)
	at Main.main(compiles-and-fails.sc)
	at java.base/jdk.internal.reflect.NativeMethodAccessorImpl.invoke0(Native Method)
	at java.base/jdk.internal.reflect.NativeMethodAccessorImpl.invoke(NativeMethodAccessorImpl.java:62)
	at java.base/jdk.internal.reflect.DelegatingMethodAccessorImpl.invoke(DelegatingMethodAccessorImpl.java:43)
	at java.base/java.lang.reflect.Method.invoke(Method.java:567)
	at scala.reflect.internal.util.ScalaClassLoader.$anonfun$run$2(ScalaClassLoader.scala:106)
	at scala.reflect.internal.util.ScalaClassLoader.asContext(ScalaClassLoader.scala:41)
	at scala.reflect.internal.util.ScalaClassLoader.asContext$(ScalaClassLoader.scala:37)
	at scala.reflect.internal.util.ScalaClassLoader$URLClassLoader.asContext(ScalaClassLoader.scala:132)
	at scala.reflect.internal.util.ScalaClassLoader.run(ScalaClassLoader.scala:106)
	at scala.reflect.internal.util.ScalaClassLoader.run$(ScalaClassLoader.scala:98)
	at scala.reflect.internal.util.ScalaClassLoader$URLClassLoader.run(ScalaClassLoader.scala:132)
	at scala.tools.nsc.CommonRunner.run(ObjectRunner.scala:28)
	at scala.tools.nsc.CommonRunner.run$(ObjectRunner.scala:27)
	at scala.tools.nsc.ObjectRunner$.run(ObjectRunner.scala:45)
	at scala.tools.nsc.CommonRunner.runAndCatch(ObjectRunner.scala:35)
	at scala.tools.nsc.CommonRunner.runAndCatch$(ObjectRunner.scala:34)
	at scala.tools.nsc.ObjectRunner$.runAndCatch(ObjectRunner.scala:45)
	at scala.tools.nsc.MainGenericRunner.runTarget$1(MainGenericRunner.scala:73)
	at scala.tools.nsc.MainGenericRunner.run$1(MainGenericRunner.scala:92)
	at scala.tools.nsc.MainGenericRunner.process(MainGenericRunner.scala:103)
	at scala.tools.nsc.MainGenericRunner$.main(MainGenericRunner.scala:108)
	at scala.tools.nsc.MainGenericRunner.main(MainGenericRunner.scala)
