java.security.AccessControlException: access denied ("java.io.FilePermission" "toto" "read")
	at java.base/java.security.AccessControlContext.checkPermission(AccessControlContext.java:472)
	at java.base/java.security.AccessController.checkPermission(AccessController.java:1042)
	at java.base/java.lang.SecurityManager.checkPermission(SecurityManager.java:408)
	at java.base/java.lang.SecurityManager.checkRead(SecurityManager.java:747)
	at java.base/java.io.FileInputStream.<init>(FileInputStream.java:144)
	at scala.io.Source$.fromFile(Source.scala:94)
	at scala.io.Source$.fromFile(Source.scala:79)
	at scala.io.Source$.fromFile(Source.scala:57)
	at Main$.delayedEndpoint$Main$1(read-files.sc:5)