java.security.AccessControlException: access denied ("java.io.FilePermission" "<<ALL FILES>>" "execute")
	at java.base/java.security.AccessControlContext.checkPermission(AccessControlContext.java:472)
	at java.base/java.security.AccessController.checkPermission(AccessController.java:1042)
	at java.base/java.lang.SecurityManager.checkPermission(SecurityManager.java:408)
	at java.base/java.lang.SecurityManager.checkExec(SecurityManager.java:658)
	at java.base/java.lang.ProcessBuilder.start(ProcessBuilder.java:1096)
	at java.base/java.lang.ProcessBuilder.start(ProcessBuilder.java:1071)
	at scala.sys.process.ProcessBuilderImpl$Simple.run(ProcessBuilderImpl.scala:75)
	at scala.sys.process.ProcessBuilderImpl$AbstractBuilder.run(ProcessBuilderImpl.scala:104)
	at scala.sys.process.ProcessBuilderImpl$AbstractBuilder.$bang(ProcessBuilderImpl.scala:118)