java.lang.Exception: Beep boop beep boop
	at Main$.delayedEndpoint$Main$1(compiles-and-fails.sc:2)
	at Main$delayedInit$body.apply(compiles-and-fails.sc:1)
	at scala.Function0.apply$mcV$sp(Function0.scala:39)
	at scala.Function0.apply$mcV$sp$(Function0.scala:39)
	at scala.runtime.AbstractFunction0.apply$mcV$sp(AbstractFunction0.scala:17)
	at scala.App.$anonfun$main$1$adapted(App.scala:80)
	at scala.collection.immutable.List.foreach(List.scala:392)
	at scala.App.main(App.scala:80)
	at scala.App.main$(App.scala:78)